------------------------------------------------------------
Timing Analyzer Summary
------------------------------------------------------------

Type  : Slow 1100mV 85C Model Setup 'clk'
Slack : -0.847
TNS   : -10.129

Type  : Slow 1100mV 85C Model Hold 'clk'
Slack : 0.220
TNS   : 0.000

Type  : Slow 1100mV 85C Model Minimum Pulse Width 'clk'
Slack : -2.636
TNS   : -79.350

Type  : Slow 1100mV 0C Model Setup 'clk'
Slack : -0.913
TNS   : -9.331

Type  : Slow 1100mV 0C Model Hold 'clk'
Slack : 0.203
TNS   : 0.000

Type  : Slow 1100mV 0C Model Minimum Pulse Width 'clk'
Slack : -2.636
TNS   : -80.457

Type  : Fast 1100mV 85C Model Setup 'clk'
Slack : -0.027
TNS   : -0.043

Type  : Fast 1100mV 85C Model Hold 'clk'
Slack : 0.135
TNS   : 0.000

Type  : Fast 1100mV 85C Model Minimum Pulse Width 'clk'
Slack : -2.636
TNS   : -69.116

Type  : Fast 1100mV 0C Model Setup 'clk'
Slack : 0.011
TNS   : 0.000

Type  : Fast 1100mV 0C Model Hold 'clk'
Slack : 0.122
TNS   : 0.000

Type  : Fast 1100mV 0C Model Minimum Pulse Width 'clk'
Slack : -2.636
TNS   : -69.101

------------------------------------------------------------
