------------------------------------------------------------
Timing Analyzer Summary
------------------------------------------------------------

Type  : Slow 1100mV 85C Model Setup 'clock_doubler_inst|clock_doubler_inst|altera_pll_i|general[0].gpll~PLL_OUTPUT_COUNTER|divclk'
Slack : 3.440
TNS   : 0.000

Type  : Slow 1100mV 85C Model Setup 'CLOCK_50'
Slack : 17.868
TNS   : 0.000

Type  : Slow 1100mV 85C Model Hold 'clock_doubler_inst|clock_doubler_inst|altera_pll_i|general[0].gpll~PLL_OUTPUT_COUNTER|divclk'
Slack : 0.272
TNS   : 0.000

Type  : Slow 1100mV 85C Model Hold 'CLOCK_50'
Slack : 0.433
TNS   : 0.000

Type  : Slow 1100mV 85C Model Recovery 'clock_doubler_inst|clock_doubler_inst|altera_pll_i|general[0].gpll~PLL_OUTPUT_COUNTER|divclk'
Slack : 7.388
TNS   : 0.000

Type  : Slow 1100mV 85C Model Removal 'clock_doubler_inst|clock_doubler_inst|altera_pll_i|general[0].gpll~PLL_OUTPUT_COUNTER|divclk'
Slack : 0.886
TNS   : 0.000

Type  : Slow 1100mV 85C Model Minimum Pulse Width 'clock_doubler_inst|clock_doubler_inst|altera_pll_i|general[0].gpll~FRACTIONAL_PLL|vcoph[0]'
Slack : 1.666
TNS   : 0.000

Type  : Slow 1100mV 85C Model Minimum Pulse Width 'clock_doubler_inst|clock_doubler_inst|altera_pll_i|general[0].gpll~PLL_OUTPUT_COUNTER|divclk'
Slack : 4.282
TNS   : 0.000

Type  : Slow 1100mV 85C Model Minimum Pulse Width 'CLOCK_50'
Slack : 9.228
TNS   : 0.000

Type  : Slow 1100mV 0C Model Setup 'clock_doubler_inst|clock_doubler_inst|altera_pll_i|general[0].gpll~PLL_OUTPUT_COUNTER|divclk'
Slack : 3.262
TNS   : 0.000

Type  : Slow 1100mV 0C Model Setup 'CLOCK_50'
Slack : 17.918
TNS   : 0.000

Type  : Slow 1100mV 0C Model Hold 'clock_doubler_inst|clock_doubler_inst|altera_pll_i|general[0].gpll~PLL_OUTPUT_COUNTER|divclk'
Slack : 0.252
TNS   : 0.000

Type  : Slow 1100mV 0C Model Hold 'CLOCK_50'
Slack : 0.434
TNS   : 0.000

Type  : Slow 1100mV 0C Model Recovery 'clock_doubler_inst|clock_doubler_inst|altera_pll_i|general[0].gpll~PLL_OUTPUT_COUNTER|divclk'
Slack : 7.502
TNS   : 0.000

Type  : Slow 1100mV 0C Model Removal 'clock_doubler_inst|clock_doubler_inst|altera_pll_i|general[0].gpll~PLL_OUTPUT_COUNTER|divclk'
Slack : 0.825
TNS   : 0.000

Type  : Slow 1100mV 0C Model Minimum Pulse Width 'clock_doubler_inst|clock_doubler_inst|altera_pll_i|general[0].gpll~FRACTIONAL_PLL|vcoph[0]'
Slack : 1.666
TNS   : 0.000

Type  : Slow 1100mV 0C Model Minimum Pulse Width 'clock_doubler_inst|clock_doubler_inst|altera_pll_i|general[0].gpll~PLL_OUTPUT_COUNTER|divclk'
Slack : 4.240
TNS   : 0.000

Type  : Slow 1100mV 0C Model Minimum Pulse Width 'CLOCK_50'
Slack : 9.284
TNS   : 0.000

Type  : Fast 1100mV 85C Model Setup 'clock_doubler_inst|clock_doubler_inst|altera_pll_i|general[0].gpll~PLL_OUTPUT_COUNTER|divclk'
Slack : 6.395
TNS   : 0.000

Type  : Fast 1100mV 85C Model Setup 'CLOCK_50'
Slack : 18.569
TNS   : 0.000

Type  : Fast 1100mV 85C Model Hold 'clock_doubler_inst|clock_doubler_inst|altera_pll_i|general[0].gpll~PLL_OUTPUT_COUNTER|divclk'
Slack : 0.162
TNS   : 0.000

Type  : Fast 1100mV 85C Model Hold 'CLOCK_50'
Slack : 0.264
TNS   : 0.000

Type  : Fast 1100mV 85C Model Recovery 'clock_doubler_inst|clock_doubler_inst|altera_pll_i|general[0].gpll~PLL_OUTPUT_COUNTER|divclk'
Slack : 8.333
TNS   : 0.000

Type  : Fast 1100mV 85C Model Removal 'clock_doubler_inst|clock_doubler_inst|altera_pll_i|general[0].gpll~PLL_OUTPUT_COUNTER|divclk'
Slack : 0.516
TNS   : 0.000

Type  : Fast 1100mV 85C Model Minimum Pulse Width 'clock_doubler_inst|clock_doubler_inst|altera_pll_i|general[0].gpll~FRACTIONAL_PLL|vcoph[0]'
Slack : 1.666
TNS   : 0.000

Type  : Fast 1100mV 85C Model Minimum Pulse Width 'clock_doubler_inst|clock_doubler_inst|altera_pll_i|general[0].gpll~PLL_OUTPUT_COUNTER|divclk'
Slack : 4.545
TNS   : 0.000

Type  : Fast 1100mV 85C Model Minimum Pulse Width 'CLOCK_50'
Slack : 9.101
TNS   : 0.000

Type  : Fast 1100mV 0C Model Setup 'clock_doubler_inst|clock_doubler_inst|altera_pll_i|general[0].gpll~PLL_OUTPUT_COUNTER|divclk'
Slack : 6.550
TNS   : 0.000

Type  : Fast 1100mV 0C Model Setup 'CLOCK_50'
Slack : 18.691
TNS   : 0.000

Type  : Fast 1100mV 0C Model Hold 'clock_doubler_inst|clock_doubler_inst|altera_pll_i|general[0].gpll~PLL_OUTPUT_COUNTER|divclk'
Slack : 0.153
TNS   : 0.000

Type  : Fast 1100mV 0C Model Hold 'CLOCK_50'
Slack : 0.252
TNS   : 0.000

Type  : Fast 1100mV 0C Model Recovery 'clock_doubler_inst|clock_doubler_inst|altera_pll_i|general[0].gpll~PLL_OUTPUT_COUNTER|divclk'
Slack : 8.527
TNS   : 0.000

Type  : Fast 1100mV 0C Model Removal 'clock_doubler_inst|clock_doubler_inst|altera_pll_i|general[0].gpll~PLL_OUTPUT_COUNTER|divclk'
Slack : 0.465
TNS   : 0.000

Type  : Fast 1100mV 0C Model Minimum Pulse Width 'clock_doubler_inst|clock_doubler_inst|altera_pll_i|general[0].gpll~FRACTIONAL_PLL|vcoph[0]'
Slack : 1.666
TNS   : 0.000

Type  : Fast 1100mV 0C Model Minimum Pulse Width 'clock_doubler_inst|clock_doubler_inst|altera_pll_i|general[0].gpll~PLL_OUTPUT_COUNTER|divclk'
Slack : 4.537
TNS   : 0.000

Type  : Fast 1100mV 0C Model Minimum Pulse Width 'CLOCK_50'
Slack : 9.063
TNS   : 0.000

------------------------------------------------------------
